time="2026-08-29T02:57:09Z" level=warning msg="There were unknown fields in the options exported in the script" error="json: unknown field \"gracefulStop\""

         /\      Grafana   /‾‾/  
    /\  /  \     |\  __   /  /   
   /  \/    \    | |/ /  /   ‾‾\ 
  /          \   |   (  |  (‾)  |
 / __________ \  |_|\_\  \_____/ 


     execution: local
        script: /scripts/hls.js
        output: json (/results/k6-metrics.jsonl)

     scenarios: (100.00%) 1 scenario, 5 max VUs, 48s max duration (incl. graceful stop):
              * default: Up to 5 looping VUs for 18s over 5 stages (gracefulRampDown: 30s, gracefulStop: 30s)


running (01.0s), 1/5 VUs, 0 complete and 0 interrupted iterations
default   [   6% ] 1/5 VUs  01.0s/18.0s

running (02.0s), 1/5 VUs, 0 complete and 0 interrupted iterations
default   [  11% ] 1/5 VUs  02.0s/18.0s

running (03.0s), 2/5 VUs, 0 complete and 0 interrupted iterations
default   [  17% ] 2/5 VUs  03.0s/18.0s

running (04.0s), 2/5 VUs, 0 complete and 0 interrupted iterations
default   [  22% ] 2/5 VUs  04.0s/18.0s

running (05.0s), 2/5 VUs, 9 complete and 0 interrupted iterations
default   [  28% ] 2/5 VUs  05.0s/18.0s

running (06.0s), 2/5 VUs, 19 complete and 0 interrupted iterations
default   [  33% ] 2/5 VUs  06.0s/18.0s

running (07.0s), 2/5 VUs, 21 complete and 0 interrupted iterations
default   [  39% ] 2/5 VUs  07.0s/18.0s

running (08.0s), 2/5 VUs, 30 complete and 0 interrupted iterations
default   [  44% ] 2/5 VUs  08.0s/18.0s

running (09.0s), 3/5 VUs, 35 complete and 0 interrupted iterations
default   [  50% ] 3/5 VUs  09.0s/18.0s

running (10.0s), 4/5 VUs, 49 complete and 0 interrupted iterations
default   [  56% ] 4/5 VUs  10.0s/18.0s

running (11.0s), 5/5 VUs, 55 complete and 0 interrupted iterations
default   [  61% ] 5/5 VUs  11.0s/18.0s

running (12.0s), 5/5 VUs, 76 complete and 0 interrupted iterations
default   [  67% ] 5/5 VUs  12.0s/18.0s

running (13.0s), 5/5 VUs, 83 complete and 0 interrupted iterations
default   [  72% ] 5/5 VUs  13.0s/18.0s

running (14.0s), 5/5 VUs, 103 complete and 0 interrupted iterations
default   [  78% ] 5/5 VUs  14.0s/18.0s

running (15.0s), 5/5 VUs, 110 complete and 0 interrupted iterations
default   [  83% ] 5/5 VUs  15.0s/18.0s

running (16.0s), 5/5 VUs, 130 complete and 0 interrupted iterations
default   [  89% ] 5/5 VUs  16.0s/18.0s

running (17.0s), 4/5 VUs, 136 complete and 0 interrupted iterations
default   [  94% ] 4/5 VUs  17.0s/18.0s

running (18.0s), 3/5 VUs, 151 complete and 0 interrupted iterations
default   [ 100% ] 3/5 VUs  18.0s/18.0s

running (19.0s), 1/5 VUs, 153 complete and 0 interrupted iterations
default ↓ [ 100% ] 3/5 VUs  18s


  █ THRESHOLDS 

    hls_playlist_failures
    ✓ 'count>=0' count=0

    hls_segment_failures
    ✓ 'count>=0' count=0

    hls_session_failures
    ✓ 'rate>=0' rate=0.00%


  █ TOTAL RESULTS 

    checks_total.......: 462     24.275336/s
    checks_succeeded...: 100.00% 462 out of 462
    checks_failed......: 0.00%   0 out of 462

    ✓ master playlist is 200
    ✓ media playlist is 200
    ✓ segment is 200

    CUSTOM
    hls_playlist_failures..........: 0      0/s
    hls_playlist_requests..........: 308    16.183557/s
    hls_segment_duration...........: avg=74.61ms  min=681.48µs med=1.27ms   max=504.23ms p(90)=501.94ms p(95)=502.32ms p(99)=503.64ms
    hls_segment_failures...........: 0      0/s
    hls_segment_requests...........: 154    8.091779/s
    hls_session_failures...........: 0.00%  0 out of 154
    selected_edge_node.............: 462    24.275336/s

    HTTP
    http_req_duration..............: avg=60.6ms   min=138.99µs med=793.98µs max=3.79s    p(90)=167.74ms p(95)=177.63ms p(99)=503.16ms
      { expected_response:true }...: avg=60.6ms   min=138.99µs med=793.98µs max=3.79s    p(90)=167.74ms p(95)=177.63ms p(99)=503.16ms
    http_req_failed................: 0.00%  0 out of 490
    http_reqs......................: 490    25.746569/s

    EXECUTION
    iteration_duration.............: avg=395.88ms min=202.19ms med=203.85ms max=4.03s    p(90)=1.17s    p(95)=1.19s    p(99)=1.68s   
    iterations.....................: 154    8.091779/s
    vus............................: 1      min=1        max=5
    vus_max........................: 5      min=5        max=5

    NETWORK
    data_received..................: 178 MB 9.4 MB/s
    data_sent......................: 100 kB 5.3 kB/s




running (19.0s), 0/5 VUs, 154 complete and 0 interrupted iterations
default ✓ [ 100% ] 0/5 VUs  18s