time="2026-08-29T03:44:19Z" level=warning msg="There were unknown fields in the options exported in the script" error="json: unknown field \"gracefulStop\""

         /\      Grafana   /‾‾/  
    /\  /  \     |\  __   /  /   
   /  \/    \    | |/ /  /   ‾‾\ 
  /          \   |   (  |  (‾)  |
 / __________ \  |_|\_\  \_____/ 


     execution: local
        script: /scripts/hls.js
        output: json (/results/k6-metrics.jsonl)

     scenarios: (100.00%) 1 scenario, 5 max VUs, 48s max duration (incl. graceful stop):
              * default: Up to 5 looping VUs for 18s over 5 stages (gracefulRampDown: 30s, gracefulStop: 30s)


running (01.0s), 1/5 VUs, 4 complete and 0 interrupted iterations
default   [   6% ] 1/5 VUs  01.0s/18.0s

running (02.0s), 1/5 VUs, 9 complete and 0 interrupted iterations
default   [  11% ] 1/5 VUs  02.0s/18.0s

running (03.0s), 2/5 VUs, 18 complete and 0 interrupted iterations
default   [  17% ] 2/5 VUs  03.0s/18.0s

running (04.0s), 2/5 VUs, 28 complete and 0 interrupted iterations
default   [  22% ] 2/5 VUs  04.0s/18.0s

running (05.0s), 2/5 VUs, 38 complete and 0 interrupted iterations
default   [  28% ] 2/5 VUs  05.0s/18.0s

running (06.0s), 2/5 VUs, 47 complete and 0 interrupted iterations
default   [  33% ] 2/5 VUs  06.0s/18.0s

running (07.0s), 2/5 VUs, 49 complete and 0 interrupted iterations
default   [  39% ] 2/5 VUs  07.0s/18.0s

running (08.0s), 2/5 VUs, 59 complete and 0 interrupted iterations
default   [  44% ] 2/5 VUs  08.0s/18.0s

running (09.0s), 3/5 VUs, 62 complete and 0 interrupted iterations
default   [  50% ] 3/5 VUs  09.0s/18.0s

running (10.0s), 4/5 VUs, 80 complete and 0 interrupted iterations
default   [  56% ] 4/5 VUs  10.0s/18.0s

running (11.0s), 5/5 VUs, 82 complete and 0 interrupted iterations
default   [  61% ] 5/5 VUs  11.0s/18.0s

running (12.0s), 5/5 VUs, 104 complete and 0 interrupted iterations
default   [  67% ] 5/5 VUs  12.0s/18.0s

running (13.0s), 5/5 VUs, 107 complete and 0 interrupted iterations
default   [  72% ] 5/5 VUs  13.0s/18.0s

running (14.0s), 5/5 VUs, 108 complete and 0 interrupted iterations
default   [  78% ] 5/5 VUs  14.0s/18.0s

running (15.0s), 5/5 VUs, 115 complete and 0 interrupted iterations
default   [  83% ] 5/5 VUs  15.0s/18.0s

running (16.0s), 5/5 VUs, 138 complete and 0 interrupted iterations
default   [  89% ] 5/5 VUs  16.0s/18.0s

running (17.0s), 4/5 VUs, 160 complete and 0 interrupted iterations
default   [  94% ] 4/5 VUs  17.0s/18.0s

running (18.0s), 3/5 VUs, 178 complete and 0 interrupted iterations
default   [ 100% ] 3/5 VUs  18.0s/18.0s


  █ THRESHOLDS 

    hls_playlist_failures
    ✓ 'count>=0' count=0

    hls_segment_failures
    ✓ 'count>=0' count=1

    hls_session_failures
    ✓ 'rate>=0' rate=0.55%


  █ TOTAL RESULTS 

    checks_total.......: 543    29.903896/s
    checks_succeeded...: 99.81% 542 out of 543
    checks_failed......: 0.18%  1 out of 543

    ✓ master playlist is 200
    ✓ media playlist is 200
    ✗ segment is 200
      ↳  99% — ✓ 180 / ✗ 1

    CUSTOM
    hls_playlist_failures..........: 0      0/s
    hls_playlist_requests..........: 362    19.935931/s
    hls_segment_duration...........: avg=83.06ms  min=776.32µs med=1.3ms    max=2s    p(90)=172.54ms p(95)=503.68ms p(99)=2s      
    hls_segment_failures...........: 1      0.055072/s
    hls_segment_requests...........: 181    9.967965/s
    hls_session_failures...........: 0.55%  1 out of 181
    hls_stall_events...............: 5      0.275358/s
    selected_edge_node.............: 543    29.903896/s

    HTTP
    http_req_duration..............: avg=38.73ms  min=144.01µs med=803.08µs max=2s    p(90)=137.49ms p(95)=171.12ms p(99)=505.01ms
      { expected_response:true }...: avg=35.24ms  min=144.01µs med=799.62µs max=2s    p(90)=136.83ms p(95)=170.57ms p(99)=504.6ms 
    http_req_failed................: 0.17%  1 out of 565
    http_reqs......................: 565    31.115472/s

    EXECUTION
    iteration_duration.............: avg=324.02ms min=202.17ms med=204.05ms max=2.66s p(90)=720.93ms p(95)=1.18s    p(99)=2.21s   
    iterations.....................: 181    9.967965/s
    vus............................: 3      min=1        max=5
    vus_max........................: 5      min=5        max=5

    NETWORK
    data_received..................: 207 MB 11 MB/s
    data_sent......................: 115 kB 6.3 kB/s




running (18.2s), 0/5 VUs, 181 complete and 0 interrupted iterations
default ✓ [ 100% ] 0/5 VUs  18s