time="2026-08-29T03:29:43Z" level=warning msg="There were unknown fields in the options exported in the script" error="json: unknown field \"gracefulStop\""

         /\      Grafana   /‾‾/  
    /\  /  \     |\  __   /  /   
   /  \/    \    | |/ /  /   ‾‾\ 
  /          \   |   (  |  (‾)  |
 / __________ \  |_|\_\  \_____/ 


     execution: local
        script: /scripts/hls.js
        output: json (/results/k6-metrics.jsonl)

     scenarios: (100.00%) 1 scenario, 5 max VUs, 48s max duration (incl. graceful stop):
              * default: Up to 5 looping VUs for 18s over 5 stages (gracefulRampDown: 30s, gracefulStop: 30s)


running (01.0s), 1/5 VUs, 4 complete and 0 interrupted iterations
default   [   6% ] 1/5 VUs  01.0s/18.0s

running (02.0s), 1/5 VUs, 9 complete and 0 interrupted iterations
default   [  11% ] 1/5 VUs  02.0s/18.0s

running (03.0s), 2/5 VUs, 18 complete and 0 interrupted iterations
default   [  17% ] 2/5 VUs  03.0s/18.0s

running (04.0s), 2/5 VUs, 28 complete and 0 interrupted iterations
default   [  22% ] 2/5 VUs  04.0s/18.0s

running (05.0s), 2/5 VUs, 38 complete and 0 interrupted iterations
default   [  28% ] 2/5 VUs  05.0s/18.0s

running (06.0s), 2/5 VUs, 47 complete and 0 interrupted iterations
default   [  33% ] 2/5 VUs  06.0s/18.0s

running (07.0s), 2/5 VUs, 57 complete and 0 interrupted iterations
default   [  39% ] 2/5 VUs  07.0s/18.0s

running (08.0s), 2/5 VUs, 67 complete and 0 interrupted iterations
default   [  44% ] 2/5 VUs  08.0s/18.0s

running (09.0s), 3/5 VUs, 78 complete and 0 interrupted iterations
default   [  50% ] 3/5 VUs  09.0s/18.0s

running (10.0s), 4/5 VUs, 96 complete and 0 interrupted iterations
default   [  56% ] 4/5 VUs  10.0s/18.0s

running (11.0s), 5/5 VUs, 119 complete and 0 interrupted iterations
default   [  61% ] 5/5 VUs  11.0s/18.0s

running (12.0s), 5/5 VUs, 142 complete and 0 interrupted iterations
default   [  67% ] 5/5 VUs  12.0s/18.0s

running (13.0s), 5/5 VUs, 167 complete and 0 interrupted iterations
default   [  72% ] 5/5 VUs  13.0s/18.0s

running (14.0s), 5/5 VUs, 192 complete and 0 interrupted iterations
default   [  78% ] 5/5 VUs  14.0s/18.0s

running (15.0s), 5/5 VUs, 216 complete and 0 interrupted iterations
default   [  83% ] 5/5 VUs  15.0s/18.0s

running (16.0s), 5/5 VUs, 240 complete and 0 interrupted iterations
default   [  89% ] 5/5 VUs  16.0s/18.0s

running (17.0s), 4/5 VUs, 262 complete and 0 interrupted iterations
default   [  94% ] 4/5 VUs  17.0s/18.0s

running (18.0s), 3/5 VUs, 280 complete and 0 interrupted iterations
default   [ 100% ] 3/5 VUs  18.0s/18.0s


  █ THRESHOLDS 

    hls_playlist_failures
    ✓ 'count>=0' count=241

    hls_segment_failures
    ✓ 'count>=0' count=0

    hls_session_failures
    ✓ 'rate>=0' rate=85.15%


  █ TOTAL RESULTS 

    checks_total.......: 367    20.295828/s
    checks_succeeded...: 34.33% 126 out of 367
    checks_failed......: 65.66% 241 out of 367

    ✗ master playlist is 200
      ↳  14% — ✓ 42 / ✗ 241
    ✓ media playlist is 200
    ✓ segment is 200

    CUSTOM
    hls_playlist_failures..........: 241    13.327778/s
    hls_playlist_requests..........: 325    17.973145/s
    hls_segment_duration...........: avg=1.74ms   min=766.1µs  med=1.17ms   max=7.46ms   p(90)=3.32ms   p(95)=4.76ms   p(99)=6.53ms  
    hls_segment_failures...........: 0      0/s
    hls_segment_requests...........: 42     2.322683/s
    hls_session_failures...........: 85.15% 241 out of 283
    selected_edge_node.............: 367    20.295828/s

    HTTP
    http_req_duration..............: avg=3.35ms   min=171.14µs med=2.54ms   max=61.75ms  p(90)=7.47ms   p(95)=8.69ms   p(99)=11.86ms 
      { expected_response:true }...: avg=1.02ms   min=171.14µs med=628.8µs  max=7.46ms   p(90)=2.42ms   p(95)=3.12ms   p(99)=5.09ms  
    http_req_failed................: 65.13% 241 out of 370
    http_reqs......................: 370    20.461734/s

    EXECUTION
    iteration_duration.............: avg=206.42ms min=202.38ms med=204.37ms max=263.58ms p(90)=211.29ms p(95)=215.26ms p(99)=224.76ms
    iterations.....................: 283    15.650461/s
    vus............................: 3      min=1          max=5
    vus_max........................: 5      min=5          max=5

    NETWORK
    data_received..................: 48 MB  2.7 MB/s
    data_sent......................: 66 kB  3.6 kB/s




running (18.1s), 0/5 VUs, 283 complete and 0 interrupted iterations
default ✓ [ 100% ] 0/5 VUs  18s