time="2026-08-29T03:13:15Z" level=warning msg="There were unknown fields in the options exported in the script" error="json: unknown field \"gracefulStop\""

         /\      Grafana   /‾‾/  
    /\  /  \     |\  __   /  /   
   /  \/    \    | |/ /  /   ‾‾\ 
  /          \   |   (  |  (‾)  |
 / __________ \  |_|\_\  \_____/ 


     execution: local
        script: /scripts/hls.js
        output: json (/results/k6-metrics.jsonl)

     scenarios: (100.00%) 1 scenario, 5 max VUs, 48s max duration (incl. graceful stop):
              * default: Up to 5 looping VUs for 18s over 5 stages (gracefulRampDown: 30s, gracefulStop: 30s)


running (01.0s), 1/5 VUs, 4 complete and 0 interrupted iterations
default   [   6% ] 1/5 VUs  01.0s/18.0s

running (02.0s), 1/5 VUs, 9 complete and 0 interrupted iterations
default   [  11% ] 1/5 VUs  02.0s/18.0s

running (03.0s), 2/5 VUs, 18 complete and 0 interrupted iterations
default   [  17% ] 2/5 VUs  03.0s/18.0s

running (04.0s), 2/5 VUs, 28 complete and 0 interrupted iterations
default   [  22% ] 2/5 VUs  04.0s/18.0s

running (05.0s), 2/5 VUs, 37 complete and 0 interrupted iterations
default   [  28% ] 2/5 VUs  05.0s/18.0s

running (06.0s), 2/5 VUs, 47 complete and 0 interrupted iterations
default   [  33% ] 2/5 VUs  06.0s/18.0s

running (07.0s), 2/5 VUs, 57 complete and 0 interrupted iterations
default   [  39% ] 2/5 VUs  07.0s/18.0s

running (08.0s), 2/5 VUs, 67 complete and 0 interrupted iterations
default   [  44% ] 2/5 VUs  08.0s/18.0s

running (09.0s), 3/5 VUs, 78 complete and 0 interrupted iterations
default   [  50% ] 3/5 VUs  09.0s/18.0s

running (10.0s), 4/5 VUs, 95 complete and 0 interrupted iterations
default   [  56% ] 4/5 VUs  10.0s/18.0s

running (11.0s), 5/5 VUs, 119 complete and 0 interrupted iterations
default   [  61% ] 5/5 VUs  11.0s/18.0s

running (12.0s), 5/5 VUs, 142 complete and 0 interrupted iterations
default   [  67% ] 5/5 VUs  12.0s/18.0s

running (13.0s), 5/5 VUs, 167 complete and 0 interrupted iterations
default   [  72% ] 5/5 VUs  13.0s/18.0s

running (14.0s), 5/5 VUs, 189 complete and 0 interrupted iterations
default   [  78% ] 5/5 VUs  14.0s/18.0s

running (15.0s), 5/5 VUs, 214 complete and 0 interrupted iterations
default   [  83% ] 5/5 VUs  15.0s/18.0s

running (16.0s), 5/5 VUs, 238 complete and 0 interrupted iterations
default   [  89% ] 5/5 VUs  16.0s/18.0s

running (17.0s), 4/5 VUs, 262 complete and 0 interrupted iterations
default   [  94% ] 4/5 VUs  17.0s/18.0s

running (18.0s), 3/5 VUs, 278 complete and 0 interrupted iterations
default   [ 100% ] 3/5 VUs  18.0s/18.0s


  █ THRESHOLDS 

    hls_playlist_failures
    ✓ 'count>=0' count=0

    hls_segment_failures
    ✓ 'count>=0' count=0

    hls_session_failures
    ✓ 'rate>=0' rate=0.00%


  █ TOTAL RESULTS 

    checks_total.......: 843     46.501715/s
    checks_succeeded...: 100.00% 843 out of 843
    checks_failed......: 0.00%   0 out of 843

    ✓ master playlist is 200
    ✓ media playlist is 200
    ✓ segment is 200

    CUSTOM
    hls_playlist_failures..........: 0      0/s
    hls_playlist_requests..........: 562    31.001144/s
    hls_segment_duration...........: avg=3.58ms   min=701.92µs med=1.24ms   max=501.38ms p(90)=3.5ms    p(95)=4.28ms   p(99)=7.51ms  
    hls_segment_failures...........: 0      0/s
    hls_segment_requests...........: 281    15.500572/s
    hls_session_failures...........: 0.00%  0 out of 281
    selected_edge_node.............: 843    46.501715/s

    HTTP
    http_req_duration..............: avg=1.58ms   min=137.94µs med=679.81µs max=501.38ms p(90)=2.43ms   p(95)=3.42ms   p(99)=5.28ms  
      { expected_response:true }...: avg=1.58ms   min=137.94µs med=679.81µs max=501.38ms p(90)=2.43ms   p(95)=3.42ms   p(99)=5.28ms  
    http_req_failed................: 0.00%  0 out of 854
    http_reqs......................: 854    47.108499/s

    EXECUTION
    iteration_duration.............: avg=207.81ms min=201.99ms med=204.58ms max=717.35ms p(90)=210.51ms p(95)=214.78ms p(99)=223.28ms
    iterations.....................: 281    15.500572/s
    vus............................: 3      min=1        max=5
    vus_max........................: 5      min=5        max=5

    NETWORK
    data_received..................: 324 MB 18 MB/s
    data_sent......................: 174 kB 9.6 kB/s




running (18.1s), 0/5 VUs, 281 complete and 0 interrupted iterations
default ✓ [ 100% ] 0/5 VUs  18s