time="2026-08-29T03:37:17Z" level=warning msg="There were unknown fields in the options exported in the script" error="json: unknown field \"gracefulStop\""

         /\      Grafana   /‾‾/  
    /\  /  \     |\  __   /  /   
   /  \/    \    | |/ /  /   ‾‾\ 
  /          \   |   (  |  (‾)  |
 / __________ \  |_|\_\  \_____/ 


     execution: local
        script: /scripts/hls.js
        output: json (/results/k6-metrics.jsonl)

     scenarios: (100.00%) 1 scenario, 5 max VUs, 48s max duration (incl. graceful stop):
              * default: Up to 5 looping VUs for 18s over 5 stages (gracefulRampDown: 30s, gracefulStop: 30s)


running (01.0s), 1/5 VUs, 4 complete and 0 interrupted iterations
default   [   6% ] 1/5 VUs  01.0s/18.0s

running (02.0s), 1/5 VUs, 9 complete and 0 interrupted iterations
default   [  11% ] 1/5 VUs  02.0s/18.0s

running (03.0s), 2/5 VUs, 18 complete and 0 interrupted iterations
default   [  17% ] 2/5 VUs  03.0s/18.0s

running (04.0s), 2/5 VUs, 28 complete and 0 interrupted iterations
default   [  22% ] 2/5 VUs  04.0s/18.0s

running (05.0s), 2/5 VUs, 37 complete and 0 interrupted iterations
default   [  28% ] 2/5 VUs  05.0s/18.0s

running (06.0s), 2/5 VUs, 47 complete and 0 interrupted iterations
default   [  33% ] 2/5 VUs  06.0s/18.0s

running (07.0s), 2/5 VUs, 57 complete and 0 interrupted iterations
default   [  39% ] 2/5 VUs  07.0s/18.0s

running (08.0s), 2/5 VUs, 67 complete and 0 interrupted iterations
default   [  44% ] 2/5 VUs  08.0s/18.0s

running (09.0s), 3/5 VUs, 77 complete and 0 interrupted iterations
default   [  50% ] 3/5 VUs  09.0s/18.0s

running (10.0s), 4/5 VUs, 93 complete and 0 interrupted iterations
default   [  56% ] 4/5 VUs  10.0s/18.0s

running (11.0s), 5/5 VUs, 113 complete and 0 interrupted iterations
default   [  61% ] 5/5 VUs  11.0s/18.0s

running (12.0s), 5/5 VUs, 138 complete and 0 interrupted iterations
default   [  67% ] 5/5 VUs  12.0s/18.0s

running (13.0s), 5/5 VUs, 157 complete and 0 interrupted iterations
default   [  72% ] 5/5 VUs  13.0s/18.0s

running (14.0s), 5/5 VUs, 179 complete and 0 interrupted iterations
default   [  78% ] 5/5 VUs  14.0s/18.0s

running (15.0s), 5/5 VUs, 196 complete and 0 interrupted iterations
default   [  83% ] 5/5 VUs  15.0s/18.0s

running (16.0s), 5/5 VUs, 220 complete and 0 interrupted iterations
default   [  89% ] 5/5 VUs  16.0s/18.0s

running (17.0s), 4/5 VUs, 243 complete and 0 interrupted iterations
default   [  94% ] 4/5 VUs  17.0s/18.0s

running (18.0s), 3/5 VUs, 259 complete and 0 interrupted iterations
default   [ 100% ] 3/5 VUs  18.0s/18.0s


  █ THRESHOLDS 

    hls_playlist_failures
    ✓ 'count>=0' count=0

    hls_segment_failures
    ✓ 'count>=0' count=0

    hls_session_failures
    ✓ 'rate>=0' rate=0.00%


  █ TOTAL RESULTS 

    checks_total.......: 786     42.420249/s
    checks_succeeded...: 100.00% 786 out of 786
    checks_failed......: 0.00%   0 out of 786

    ✓ master playlist is 200
    ✓ media playlist is 200
    ✓ segment is 200

    CUSTOM
    hls_playlist_failures..........: 0      0/s
    hls_playlist_requests..........: 524    28.280166/s
    hls_segment_duration...........: avg=21.26ms  min=692.12µs med=1.22ms   max=503.11ms p(90)=3.85ms   p(95)=6.77ms   p(99)=502.61ms
    hls_segment_failures...........: 0      0/s
    hls_segment_requests...........: 262    14.140083/s
    hls_session_failures...........: 0.00%  0 out of 262
    selected_edge_node.............: 786    42.420249/s

    HTTP
    http_req_duration..............: avg=7.74ms   min=166.93µs med=523.43µs max=503.11ms p(90)=2.8ms    p(95)=5.27ms   p(99)=501.87ms
      { expected_response:true }...: avg=7.74ms   min=166.93µs med=523.43µs max=503.11ms p(90)=2.8ms    p(95)=5.27ms   p(99)=501.87ms
    http_req_failed................: 0.00%  0 out of 801
    http_reqs......................: 801    43.229795/s

    EXECUTION
    iteration_duration.............: avg=226.32ms min=202.25ms med=204.09ms max=765.14ms p(90)=210.88ms p(95)=232.16ms p(99)=738.69ms
    iterations.....................: 262    14.140083/s
    vus............................: 3      min=1        max=5
    vus_max........................: 5      min=5        max=5

    NETWORK
    data_received..................: 302 MB 16 MB/s
    data_sent......................: 171 kB 9.2 kB/s




running (18.5s), 0/5 VUs, 262 complete and 0 interrupted iterations
default ✓ [ 100% ] 0/5 VUs  18s