time="2026-08-29T03:35:06Z" level=warning msg="There were unknown fields in the options exported in the script" error="json: unknown field \"gracefulStop\""

         /\      Grafana   /‾‾/  
    /\  /  \     |\  __   /  /   
   /  \/    \    | |/ /  /   ‾‾\ 
  /          \   |   (  |  (‾)  |
 / __________ \  |_|\_\  \_____/ 


     execution: local
        script: /scripts/hls.js
        output: json (/results/k6-metrics.jsonl)

     scenarios: (100.00%) 1 scenario, 5 max VUs, 48s max duration (incl. graceful stop):
              * default: Up to 5 looping VUs for 18s over 5 stages (gracefulRampDown: 30s, gracefulStop: 30s)


running (01.0s), 1/5 VUs, 4 complete and 0 interrupted iterations
default   [   6% ] 1/5 VUs  01.0s/18.0s

running (02.0s), 1/5 VUs, 9 complete and 0 interrupted iterations
default   [  11% ] 1/5 VUs  02.0s/18.0s

running (03.0s), 2/5 VUs, 18 complete and 0 interrupted iterations
default   [  17% ] 2/5 VUs  03.0s/18.0s

running (04.0s), 2/5 VUs, 28 complete and 0 interrupted iterations
default   [  22% ] 2/5 VUs  04.0s/18.0s
time="2026-08-29T03:35:11Z" level=warning msg="Request Failed" error="Get \"http://video.edgeroute.test:8080/live/demo/index.m3u8?run=baseline-cold-cache-02-20260829T033505Z\": dial tcp 10.96.10.11:8080: connect: connection refused"
time="2026-08-29T03:35:11Z" level=warning msg="Request Failed" error="Get \"http://video.edgeroute.test:8080/live/demo/index.m3u8?run=baseline-cold-cache-02-20260829T033505Z\": dial tcp 10.96.10.11:8080: connect: connection refused"
time="2026-08-29T03:35:11Z" level=warning msg="Request Failed" error="Get \"http://video.edgeroute.test:8080/live/demo/index.m3u8?run=baseline-cold-cache-02-20260829T033505Z\": dial tcp 10.96.10.11:8080: connect: connection refused"

running (05.0s), 2/5 VUs, 36 complete and 0 interrupted iterations
default   [  28% ] 2/5 VUs  05.0s/18.0s

running (06.0s), 2/5 VUs, 36 complete and 0 interrupted iterations
default   [  33% ] 2/5 VUs  06.0s/18.0s

running (07.0s), 2/5 VUs, 36 complete and 0 interrupted iterations
default   [  39% ] 2/5 VUs  07.0s/18.0s

running (08.0s), 2/5 VUs, 36 complete and 0 interrupted iterations
default   [  44% ] 2/5 VUs  08.0s/18.0s

running (09.0s), 3/5 VUs, 37 complete and 0 interrupted iterations
default   [  50% ] 3/5 VUs  09.0s/18.0s
time="2026-08-29T03:35:16Z" level=warning msg="Request Failed" error="Get \"http://video.edgeroute.test:8080/live/demo/index.m3u8?run=baseline-cold-cache-02-20260829T033505Z\": request timeout"
time="2026-08-29T03:35:16Z" level=warning msg="Request Failed" error="Get \"http://video.edgeroute.test:8080/live/demo/index.m3u8?run=baseline-cold-cache-02-20260829T033505Z\": request timeout"

running (10.0s), 4/5 VUs, 46 complete and 0 interrupted iterations
default   [  56% ] 4/5 VUs  10.0s/18.0s

running (11.0s), 5/5 VUs, 69 complete and 0 interrupted iterations
default   [  61% ] 5/5 VUs  11.0s/18.0s

running (12.0s), 5/5 VUs, 93 complete and 0 interrupted iterations
default   [  67% ] 5/5 VUs  12.0s/18.0s

running (13.0s), 5/5 VUs, 118 complete and 0 interrupted iterations
default   [  72% ] 5/5 VUs  13.0s/18.0s

running (14.0s), 5/5 VUs, 142 complete and 0 interrupted iterations
default   [  78% ] 5/5 VUs  14.0s/18.0s

running (15.0s), 5/5 VUs, 167 complete and 0 interrupted iterations
default   [  83% ] 5/5 VUs  15.0s/18.0s

running (16.0s), 5/5 VUs, 192 complete and 0 interrupted iterations
default   [  89% ] 5/5 VUs  16.0s/18.0s

running (17.0s), 4/5 VUs, 216 complete and 0 interrupted iterations
default   [  94% ] 4/5 VUs  17.0s/18.0s

running (18.0s), 3/5 VUs, 233 complete and 0 interrupted iterations
default   [ 100% ] 3/5 VUs  18.0s/18.0s


  █ THRESHOLDS 

    hls_playlist_failures
    ✓ 'count>=0' count=5

    hls_segment_failures
    ✓ 'count>=0' count=0

    hls_session_failures
    ✓ 'rate>=0' rate=2.11%


  █ TOTAL RESULTS 

    checks_total.......: 698    38.368279/s
    checks_succeeded...: 99.28% 693 out of 698
    checks_failed......: 0.71%  5 out of 698

    ✗ master playlist is 200
      ↳  97% — ✓ 231 / ✗ 5
    ✓ media playlist is 200
    ✓ segment is 200

    CUSTOM
    hls_playlist_failures..........: 5      0.274844/s
    hls_playlist_requests..........: 467    25.670467/s
    hls_segment_duration...........: avg=2.03ms   min=674.77µs med=1.21ms   max=59.92ms p(90)=3.51ms   p(95)=4.56ms   p(99)=7.38ms  
    hls_segment_failures...........: 0      0/s
    hls_segment_requests...........: 231    12.697811/s
    hls_session_failures...........: 2.11%  5 out of 236
    selected_edge_node.............: 698    38.368279/s

    HTTP
    http_req_duration..............: avg=1.11ms   min=0s       med=617.73µs max=59.92ms p(90)=2.52ms   p(95)=3.42ms   p(99)=7.64ms  
      { expected_response:true }...: avg=1.12ms   min=152.16µs med=631.16µs max=59.92ms p(90)=2.54ms   p(95)=3.44ms   p(99)=7.7ms   
    http_req_failed................: 0.70%  5 out of 706
    http_reqs......................: 706    38.80803/s

    EXECUTION
    iteration_duration.............: avg=248.26ms min=200.77ms med=204.19ms max=5.2s    p(90)=210.88ms p(95)=214.67ms p(99)=278.18ms
    iterations.....................: 236    12.972656/s
    vus............................: 3      min=1        max=5
    vus_max........................: 5      min=5        max=5

    NETWORK
    data_received..................: 263 MB 15 MB/s
    data_sent......................: 143 kB 7.9 kB/s




running (18.2s), 0/5 VUs, 236 complete and 0 interrupted iterations
default ✓ [ 100% ] 0/5 VUs  18s