time="2026-08-29T03:33:10Z" level=warning msg="There were unknown fields in the options exported in the script" error="json: unknown field \"gracefulStop\""

         /\      Grafana   /‾‾/  
    /\  /  \     |\  __   /  /   
   /  \/    \    | |/ /  /   ‾‾\ 
  /          \   |   (  |  (‾)  |
 / __________ \  |_|\_\  \_____/ 


     execution: local
        script: /scripts/hls.js
        output: json (/results/k6-metrics.jsonl)

     scenarios: (100.00%) 1 scenario, 5 max VUs, 48s max duration (incl. graceful stop):
              * default: Up to 5 looping VUs for 18s over 5 stages (gracefulRampDown: 30s, gracefulStop: 30s)


running (01.0s), 1/5 VUs, 0 complete and 0 interrupted iterations
default   [   6% ] 1/5 VUs  01.0s/18.0s

running (02.0s), 1/5 VUs, 0 complete and 0 interrupted iterations
default   [  11% ] 1/5 VUs  02.0s/18.0s

running (03.0s), 2/5 VUs, 6 complete and 0 interrupted iterations
default   [  17% ] 2/5 VUs  03.0s/18.0s

running (04.0s), 2/5 VUs, 16 complete and 0 interrupted iterations
default   [  22% ] 2/5 VUs  04.0s/18.0s
time="2026-08-29T03:33:15Z" level=warning msg="Request Failed" error="Get \"http://video.edgeroute.test:8080/live/demo/index.m3u8?run=baseline-pod-down-03-20260829T033309Z\": dial tcp 10.96.10.11:8080: connect: connection refused"
time="2026-08-29T03:33:15Z" level=warning msg="Request Failed" error="Get \"http://video.edgeroute.test:8080/live/demo/index.m3u8?run=baseline-pod-down-03-20260829T033309Z\": dial tcp 10.96.10.11:8080: connect: connection refused"

running (05.0s), 2/5 VUs, 24 complete and 0 interrupted iterations
default   [  28% ] 2/5 VUs  05.0s/18.0s

running (06.0s), 2/5 VUs, 24 complete and 0 interrupted iterations
default   [  33% ] 2/5 VUs  06.0s/18.0s

running (07.0s), 2/5 VUs, 24 complete and 0 interrupted iterations
default   [  39% ] 2/5 VUs  07.0s/18.0s

running (08.0s), 2/5 VUs, 24 complete and 0 interrupted iterations
default   [  44% ] 2/5 VUs  08.0s/18.0s
time="2026-08-29T03:33:19Z" level=warning msg="Request Failed" error="Get \"http://video.edgeroute.test:8080/live/demo/index.m3u8?run=baseline-pod-down-03-20260829T033309Z\": dial tcp 10.96.10.11:8080: connect: connection refused"
time="2026-08-29T03:33:19Z" level=warning msg="Request Failed" error="Get \"http://video.edgeroute.test:8080/live/demo/index.m3u8?run=baseline-pod-down-03-20260829T033309Z\": dial tcp 10.96.10.11:8080: connect: connection refused"

running (09.0s), 3/5 VUs, 25 complete and 0 interrupted iterations
default   [  50% ] 3/5 VUs  09.0s/18.0s
time="2026-08-29T03:33:20Z" level=warning msg="Request Failed" error="Get \"http://video.edgeroute.test:8080/live/demo/index.m3u8?run=baseline-pod-down-03-20260829T033309Z\": dial tcp 10.96.10.11:8080: connect: connection refused"
time="2026-08-29T03:33:20Z" level=warning msg="Request Failed" error="Get \"http://video.edgeroute.test:8080/live/demo/index.m3u8?run=baseline-pod-down-03-20260829T033309Z\": dial tcp 10.96.10.11:8080: connect: connection refused"
time="2026-08-29T03:33:20Z" level=warning msg="Request Failed" error="Get \"http://video.edgeroute.test:8080/live/demo/index.m3u8?run=baseline-pod-down-03-20260829T033309Z\": dial tcp 10.96.10.11:8080: connect: connection refused"
time="2026-08-29T03:33:20Z" level=warning msg="Request Failed" error="Get \"http://video.edgeroute.test:8080/live/demo/index.m3u8?run=baseline-pod-down-03-20260829T033309Z\": dial tcp 10.96.10.11:8080: connect: connection refused"
time="2026-08-29T03:33:20Z" level=warning msg="Request Failed" error="Get \"http://video.edgeroute.test:8080/live/demo/index.m3u8?run=baseline-pod-down-03-20260829T033309Z\": dial tcp 10.96.10.11:8080: connect: connection refused"
time="2026-08-29T03:33:20Z" level=warning msg="Request Failed" error="Get \"http://video.edgeroute.test:8080/live/demo/index.m3u8?run=baseline-pod-down-03-20260829T033309Z\": request timeout"
time="2026-08-29T03:33:20Z" level=warning msg="Request Failed" error="Get \"http://video.edgeroute.test:8080/live/demo/index.m3u8?run=baseline-pod-down-03-20260829T033309Z\": request timeout"

running (10.0s), 4/5 VUs, 33 complete and 0 interrupted iterations
default   [  56% ] 4/5 VUs  10.0s/18.0s
time="2026-08-29T03:33:21Z" level=warning msg="Request Failed" error="Get \"http://video.edgeroute.test:8080/live/demo/index.m3u8?run=baseline-pod-down-03-20260829T033309Z\": dial tcp 10.96.10.11:8080: connect: connection refused"

running (11.0s), 5/5 VUs, 33 complete and 0 interrupted iterations
default   [  61% ] 5/5 VUs  11.0s/18.0s

running (12.0s), 5/5 VUs, 34 complete and 0 interrupted iterations
default   [  67% ] 5/5 VUs  12.0s/18.0s
time="2026-08-29T03:33:23Z" level=warning msg="Request Failed" error="Get \"http://video.edgeroute.test:8080/live/demo/index.m3u8?run=baseline-pod-down-03-20260829T033309Z\": dial tcp 10.96.10.11:8080: connect: connection refused"

running (13.0s), 5/5 VUs, 35 complete and 0 interrupted iterations
default   [  72% ] 5/5 VUs  13.0s/18.0s
time="2026-08-29T03:33:24Z" level=warning msg="Request Failed" error="Get \"http://video.edgeroute.test:8080/live/demo/index.m3u8?run=baseline-pod-down-03-20260829T033309Z\": dial tcp 10.96.10.11:8080: connect: connection refused"

running (14.0s), 5/5 VUs, 36 complete and 0 interrupted iterations
default   [  78% ] 5/5 VUs  14.0s/18.0s
time="2026-08-29T03:33:25Z" level=warning msg="Request Failed" error="Get \"http://video.edgeroute.test:8080/live/demo/index.m3u8?run=baseline-pod-down-03-20260829T033309Z\": dial tcp 10.96.10.11:8080: connect: connection refused"
time="2026-08-29T03:33:25Z" level=warning msg="Request Failed" error="Get \"http://video.edgeroute.test:8080/live/demo/index.m3u8?run=baseline-pod-down-03-20260829T033309Z\": request timeout"
time="2026-08-29T03:33:25Z" level=warning msg="Request Failed" error="Get \"http://video.edgeroute.test:8080/live/demo/index.m3u8?run=baseline-pod-down-03-20260829T033309Z\": dial tcp 10.96.10.11:8080: connect: connection refused"

running (15.0s), 5/5 VUs, 39 complete and 0 interrupted iterations
default   [  83% ] 5/5 VUs  15.0s/18.0s
time="2026-08-29T03:33:26Z" level=warning msg="Request Failed" error="Get \"http://video.edgeroute.test:8080/live/demo/index.m3u8?run=baseline-pod-down-03-20260829T033309Z\": dial tcp 10.96.10.11:8080: connect: connection refused"

running (16.0s), 5/5 VUs, 39 complete and 0 interrupted iterations
default   [  89% ] 5/5 VUs  16.0s/18.0s
time="2026-08-29T03:33:27Z" level=warning msg="Request Failed" error="Get \"http://video.edgeroute.test:8080/live/demo/index.m3u8?run=baseline-pod-down-03-20260829T033309Z\": request timeout"

running (17.0s), 5/5 VUs, 41 complete and 0 interrupted iterations
default   [  94% ] 5/5 VUs  17.0s/18.0s
time="2026-08-29T03:33:28Z" level=warning msg="Request Failed" error="Get \"http://video.edgeroute.test:8080/live/demo/index.m3u8?run=baseline-pod-down-03-20260829T033309Z\": dial tcp 10.96.10.11:8080: connect: connection refused"
time="2026-08-29T03:33:28Z" level=warning msg="Request Failed" error="Get \"http://video.edgeroute.test:8080/live/demo/index.m3u8?run=baseline-pod-down-03-20260829T033309Z\": request timeout"

running (18.0s), 4/5 VUs, 43 complete and 0 interrupted iterations
default   [ 100% ] 4/5 VUs  18.0s/18.0s
time="2026-08-29T03:33:29Z" level=warning msg="Request Failed" error="Get \"http://video.edgeroute.test:8080/live/demo/index.m3u8?run=baseline-pod-down-03-20260829T033309Z\": request timeout"

running (19.0s), 3/5 VUs, 44 complete and 0 interrupted iterations
default ↓ [ 100% ] 4/5 VUs  18s
time="2026-08-29T03:33:30Z" level=warning msg="Request Failed" error="Get \"http://video.edgeroute.test:8080/live/demo/index.m3u8?run=baseline-pod-down-03-20260829T033309Z\": request timeout"

running (20.0s), 2/5 VUs, 45 complete and 0 interrupted iterations
default ↓ [ 100% ] 4/5 VUs  18s

running (21.0s), 2/5 VUs, 45 complete and 0 interrupted iterations
default ↓ [ 100% ] 4/5 VUs  18s
time="2026-08-29T03:33:32Z" level=warning msg="Request Failed" error="Get \"http://video.edgeroute.test:8080/live/demo/index.m3u8?run=baseline-pod-down-03-20260829T033309Z\": request timeout"

running (22.0s), 1/5 VUs, 46 complete and 0 interrupted iterations
default ↓ [ 100% ] 4/5 VUs  18s
time="2026-08-29T03:33:33Z" level=warning msg="Request Failed" error="Get \"http://video.edgeroute.test:8080/live/demo/index.m3u8?run=baseline-pod-down-03-20260829T033309Z\": request timeout"


  █ THRESHOLDS 

    hls_playlist_failures
    ✓ 'count>=0' count=25

    hls_segment_failures
    ✓ 'count>=0' count=0

    hls_session_failures
    ✓ 'rate>=0' rate=53.19%


  █ TOTAL RESULTS 

    checks_total.......: 91     4.025254/s
    checks_succeeded...: 72.52% 66 out of 91
    checks_failed......: 27.47% 25 out of 91

    ✗ master playlist is 200
      ↳  46% — ✓ 22 / ✗ 25
    ✓ media playlist is 200
    ✓ segment is 200

    CUSTOM
    hls_playlist_failures..........: 25     1.105839/s
    hls_playlist_requests..........: 69     3.052116/s
    hls_segment_duration...........: avg=2.58ms  min=889.35µs med=1.36ms   max=11.77ms p(90)=4.85ms p(95)=8.08ms p(99)=11.03ms 
    hls_segment_failures...........: 0      0/s
    hls_segment_requests...........: 22     0.973138/s
    hls_session_failures...........: 53.19% 25 out of 47
    selected_edge_node.............: 91     4.025254/s

    HTTP
    http_req_duration..............: avg=28.14ms min=0s       med=333.41µs max=2.03s   p(90)=2.59ms p(95)=4.54ms p(99)=623.61ms
      { expected_response:true }...: avg=38.48ms min=189.81µs med=730.69µs max=2.03s   p(90)=3.28ms p(95)=7.08ms p(99)=1s      
    http_req_failed................: 26.88% 25 out of 93
    http_reqs......................: 93     4.113721/s

    EXECUTION
    iteration_duration.............: avg=1.47s   min=200.85ms med=206.42ms max=5.2s    p(90)=5.2s   p(95)=5.2s   p(99)=5.2s    
    iterations.....................: 47     2.078977/s
    vus............................: 1      min=1        max=5
    vus_max........................: 5      min=5        max=5

    NETWORK
    data_received..................: 26 MB  1.1 MB/s
    data_sent......................: 14 kB  611 B/s




running (22.6s), 0/5 VUs, 47 complete and 0 interrupted iterations
default ✓ [ 100% ] 0/5 VUs  18s