time="2026-08-29T03:28:56Z" level=warning msg="There were unknown fields in the options exported in the script" error="json: unknown field \"gracefulStop\""

         /\      Grafana   /‾‾/  
    /\  /  \     |\  __   /  /   
   /  \/    \    | |/ /  /   ‾‾\ 
  /          \   |   (  |  (‾)  |
 / __________ \  |_|\_\  \_____/ 


     execution: local
        script: /scripts/hls.js
        output: json (/results/k6-metrics.jsonl)

     scenarios: (100.00%) 1 scenario, 5 max VUs, 48s max duration (incl. graceful stop):
              * default: Up to 5 looping VUs for 18s over 5 stages (gracefulRampDown: 30s, gracefulStop: 30s)


running (01.0s), 1/5 VUs, 4 complete and 0 interrupted iterations
default   [   6% ] 1/5 VUs  01.0s/18.0s

running (02.0s), 1/5 VUs, 9 complete and 0 interrupted iterations
default   [  11% ] 1/5 VUs  02.0s/18.0s

running (03.0s), 2/5 VUs, 18 complete and 0 interrupted iterations
default   [  17% ] 2/5 VUs  03.0s/18.0s

running (04.0s), 2/5 VUs, 28 complete and 0 interrupted iterations
default   [  22% ] 2/5 VUs  04.0s/18.0s

running (05.0s), 2/5 VUs, 38 complete and 0 interrupted iterations
default   [  28% ] 2/5 VUs  05.0s/18.0s

running (06.0s), 2/5 VUs, 47 complete and 0 interrupted iterations
default   [  33% ] 2/5 VUs  06.0s/18.0s

running (07.0s), 2/5 VUs, 57 complete and 0 interrupted iterations
default   [  39% ] 2/5 VUs  07.0s/18.0s

running (08.0s), 2/5 VUs, 67 complete and 0 interrupted iterations
default   [  44% ] 2/5 VUs  08.0s/18.0s

running (09.0s), 3/5 VUs, 77 complete and 0 interrupted iterations
default   [  50% ] 3/5 VUs  09.0s/18.0s

running (10.0s), 4/5 VUs, 95 complete and 0 interrupted iterations
default   [  56% ] 4/5 VUs  10.0s/18.0s

running (11.0s), 5/5 VUs, 118 complete and 0 interrupted iterations
default   [  61% ] 5/5 VUs  11.0s/18.0s

running (12.0s), 5/5 VUs, 142 complete and 0 interrupted iterations
default   [  67% ] 5/5 VUs  12.0s/18.0s

running (13.0s), 5/5 VUs, 167 complete and 0 interrupted iterations
default   [  72% ] 5/5 VUs  13.0s/18.0s

running (14.0s), 5/5 VUs, 191 complete and 0 interrupted iterations
default   [  78% ] 5/5 VUs  14.0s/18.0s

running (15.0s), 5/5 VUs, 215 complete and 0 interrupted iterations
default   [  83% ] 5/5 VUs  15.0s/18.0s

running (16.0s), 5/5 VUs, 240 complete and 0 interrupted iterations
default   [  89% ] 5/5 VUs  16.0s/18.0s

running (17.0s), 4/5 VUs, 262 complete and 0 interrupted iterations
default   [  94% ] 4/5 VUs  17.0s/18.0s

running (18.0s), 3/5 VUs, 280 complete and 0 interrupted iterations
default   [ 100% ] 3/5 VUs  18.0s/18.0s


  █ THRESHOLDS 

    hls_playlist_failures
    ✓ 'count>=0' count=236

    hls_segment_failures
    ✓ 'count>=0' count=0

    hls_session_failures
    ✓ 'rate>=0' rate=83.39%


  █ TOTAL RESULTS 

    checks_total.......: 377    20.820181/s
    checks_succeeded...: 37.40% 141 out of 377
    checks_failed......: 62.59% 236 out of 377

    ✗ master playlist is 200
      ↳  16% — ✓ 47 / ✗ 236
    ✓ media playlist is 200
    ✓ segment is 200

    CUSTOM
    hls_playlist_failures..........: 236    13.033323/s
    hls_playlist_requests..........: 330    18.224561/s
    hls_segment_duration...........: avg=2.27ms   min=764.09µs med=1.43ms   max=20.09ms  p(90)=3.59ms   p(95)=4.72ms   p(99)=14.05ms
    hls_segment_failures...........: 0      0/s
    hls_segment_requests...........: 47     2.595619/s
    hls_session_failures...........: 83.39% 236 out of 283
    selected_edge_node.............: 377    20.820181/s

    HTTP
    http_req_duration..............: avg=3.29ms   min=197.93µs med=2.57ms   max=26.37ms  p(90)=7.44ms   p(95)=8.48ms   p(99)=11.55ms
      { expected_response:true }...: avg=1.32ms   min=197.93µs med=518.76µs max=20.09ms  p(90)=2.9ms    p(95)=4.3ms    p(99)=9.73ms 
    http_req_failed................: 62.10% 236 out of 380
    http_reqs......................: 380    20.985858/s

    EXECUTION
    iteration_duration.............: avg=206.47ms min=202.21ms med=204.69ms max=246.69ms p(90)=210.96ms p(95)=214.74ms p(99)=227.2ms
    iterations.....................: 283    15.628942/s
    vus............................: 3      min=1          max=5
    vus_max........................: 5      min=5          max=5

    NETWORK
    data_received..................: 54 MB  3.0 MB/s
    data_sent......................: 68 kB  3.8 kB/s




running (18.1s), 0/5 VUs, 283 complete and 0 interrupted iterations
default ✓ [ 100% ] 0/5 VUs  18s