time="2026-08-29T03:51:59Z" level=warning msg="There were unknown fields in the options exported in the script" error="json: unknown field \"gracefulStop\""

         /\      Grafana   /‾‾/  
    /\  /  \     |\  __   /  /   
   /  \/    \    | |/ /  /   ‾‾\ 
  /          \   |   (  |  (‾)  |
 / __________ \  |_|\_\  \_____/ 


     execution: local
        script: /scripts/hls.js
        output: json (/results/k6-metrics.jsonl)

     scenarios: (100.00%) 1 scenario, 5 max VUs, 48s max duration (incl. graceful stop):
              * default: Up to 5 looping VUs for 18s over 5 stages (gracefulRampDown: 30s, gracefulStop: 30s)


running (01.0s), 1/5 VUs, 4 complete and 0 interrupted iterations
default   [   6% ] 1/5 VUs  01.0s/18.0s

running (02.0s), 1/5 VUs, 9 complete and 0 interrupted iterations
default   [  11% ] 1/5 VUs  02.0s/18.0s

running (03.0s), 2/5 VUs, 18 complete and 0 interrupted iterations
default   [  17% ] 2/5 VUs  03.0s/18.0s

running (04.0s), 2/5 VUs, 28 complete and 0 interrupted iterations
default   [  22% ] 2/5 VUs  04.0s/18.0s

running (05.0s), 2/5 VUs, 37 complete and 0 interrupted iterations
default   [  28% ] 2/5 VUs  05.0s/18.0s

running (06.0s), 2/5 VUs, 47 complete and 0 interrupted iterations
default   [  33% ] 2/5 VUs  06.0s/18.0s

running (07.0s), 2/5 VUs, 57 complete and 0 interrupted iterations
default   [  39% ] 2/5 VUs  07.0s/18.0s

running (08.0s), 2/5 VUs, 67 complete and 0 interrupted iterations
default   [  44% ] 2/5 VUs  08.0s/18.0s

running (09.0s), 3/5 VUs, 78 complete and 0 interrupted iterations
default   [  50% ] 3/5 VUs  09.0s/18.0s

running (10.0s), 4/5 VUs, 96 complete and 0 interrupted iterations
default   [  56% ] 4/5 VUs  10.0s/18.0s

running (11.0s), 5/5 VUs, 117 complete and 0 interrupted iterations
default   [  61% ] 5/5 VUs  11.0s/18.0s

running (12.0s), 5/5 VUs, 134 complete and 0 interrupted iterations
default   [  67% ] 5/5 VUs  12.0s/18.0s

running (13.0s), 5/5 VUs, 154 complete and 0 interrupted iterations
default   [  72% ] 5/5 VUs  13.0s/18.0s

running (14.0s), 5/5 VUs, 171 complete and 0 interrupted iterations
default   [  78% ] 5/5 VUs  14.0s/18.0s

running (15.0s), 5/5 VUs, 191 complete and 0 interrupted iterations
default   [  83% ] 5/5 VUs  15.0s/18.0s

running (16.0s), 5/5 VUs, 208 complete and 0 interrupted iterations
default   [  89% ] 5/5 VUs  16.0s/18.0s

running (17.0s), 4/5 VUs, 227 complete and 0 interrupted iterations
default   [  94% ] 4/5 VUs  17.0s/18.0s

running (18.0s), 3/5 VUs, 241 complete and 0 interrupted iterations
default   [ 100% ] 3/5 VUs  18.0s/18.0s


  █ THRESHOLDS 

    hls_playlist_failures
    ✓ 'count>=0' count=0

    hls_segment_failures
    ✓ 'count>=0' count=0

    hls_session_failures
    ✓ 'rate>=0' rate=0.00%


  █ TOTAL RESULTS 

    checks_total.......: 732     40.056569/s
    checks_succeeded...: 100.00% 732 out of 732
    checks_failed......: 0.00%   0 out of 732

    ✓ master playlist is 200
    ✓ media playlist is 200
    ✓ segment is 200

    CUSTOM
    hls_playlist_failures..........: 0      0/s
    hls_playlist_requests..........: 488    26.704379/s
    hls_segment_duration...........: avg=32ms     min=663.53µs med=1.35ms   max=507.03ms p(90)=4.61ms   p(95)=501.84ms p(99)=503.73ms
    hls_segment_failures...........: 0      0/s
    hls_segment_requests...........: 244    13.35219/s
    hls_session_failures...........: 0.00%  0 out of 244
    selected_edge_node.............: 732    40.056569/s

    HTTP
    http_req_duration..............: avg=12.38ms  min=135.72µs med=752.82µs max=507.03ms p(90)=4.4ms    p(95)=15.12ms  p(99)=502.71ms
      { expected_response:true }...: avg=12.38ms  min=135.72µs med=752.82µs max=507.03ms p(90)=4.4ms    p(95)=15.12ms  p(99)=502.71ms
    http_req_failed................: 0.00%  0 out of 754
    http_reqs......................: 754    41.260455/s

    EXECUTION
    iteration_duration.............: avg=241.19ms min=202.15ms med=204.63ms max=865.57ms p(90)=215.86ms p(95)=704.39ms p(99)=847.54ms
    iterations.....................: 244    13.35219/s
    vus............................: 3      min=1        max=5
    vus_max........................: 5      min=5        max=5

    NETWORK
    data_received..................: 282 MB 15 MB/s
    data_sent......................: 155 kB 8.5 kB/s




running (18.3s), 0/5 VUs, 244 complete and 0 interrupted iterations
default ✓ [ 100% ] 0/5 VUs  18s