time="2026-08-29T02:57:33Z" level=warning msg="There were unknown fields in the options exported in the script" error="json: unknown field \"gracefulStop\""

         /\      Grafana   /‾‾/  
    /\  /  \     |\  __   /  /   
   /  \/    \    | |/ /  /   ‾‾\ 
  /          \   |   (  |  (‾)  |
 / __________ \  |_|\_\  \_____/ 


     execution: local
        script: /scripts/hls.js
        output: json (/results/k6-metrics.jsonl)

     scenarios: (100.00%) 1 scenario, 5 max VUs, 48s max duration (incl. graceful stop):
              * default: Up to 5 looping VUs for 18s over 5 stages (gracefulRampDown: 30s, gracefulStop: 30s)


running (01.0s), 1/5 VUs, 4 complete and 0 interrupted iterations
default   [   6% ] 1/5 VUs  01.0s/18.0s

running (02.0s), 1/5 VUs, 9 complete and 0 interrupted iterations
default   [  11% ] 1/5 VUs  02.0s/18.0s

running (03.0s), 2/5 VUs, 18 complete and 0 interrupted iterations
default   [  17% ] 2/5 VUs  03.0s/18.0s

running (04.0s), 2/5 VUs, 28 complete and 0 interrupted iterations
default   [  22% ] 2/5 VUs  04.0s/18.0s

running (05.0s), 2/5 VUs, 38 complete and 0 interrupted iterations
default   [  28% ] 2/5 VUs  05.0s/18.0s

running (06.0s), 2/5 VUs, 47 complete and 0 interrupted iterations
default   [  33% ] 2/5 VUs  06.0s/18.0s

running (07.0s), 2/5 VUs, 49 complete and 0 interrupted iterations
default   [  39% ] 2/5 VUs  07.0s/18.0s

running (08.0s), 2/5 VUs, 59 complete and 0 interrupted iterations
default   [  44% ] 2/5 VUs  08.0s/18.0s

running (09.0s), 3/5 VUs, 62 complete and 0 interrupted iterations
default   [  50% ] 3/5 VUs  09.0s/18.0s

running (10.0s), 4/5 VUs, 78 complete and 0 interrupted iterations
default   [  56% ] 4/5 VUs  10.0s/18.0s

running (11.0s), 5/5 VUs, 82 complete and 0 interrupted iterations
default   [  61% ] 5/5 VUs  11.0s/18.0s

running (12.0s), 5/5 VUs, 105 complete and 0 interrupted iterations
default   [  67% ] 5/5 VUs  12.0s/18.0s

running (13.0s), 5/5 VUs, 111 complete and 0 interrupted iterations
default   [  72% ] 5/5 VUs  13.0s/18.0s

running (14.0s), 5/5 VUs, 132 complete and 0 interrupted iterations
default   [  78% ] 5/5 VUs  14.0s/18.0s

running (15.0s), 5/5 VUs, 136 complete and 0 interrupted iterations
default   [  83% ] 5/5 VUs  15.0s/18.0s

running (16.0s), 5/5 VUs, 159 complete and 0 interrupted iterations
default   [  89% ] 5/5 VUs  16.0s/18.0s

running (17.0s), 4/5 VUs, 165 complete and 0 interrupted iterations
default   [  94% ] 4/5 VUs  17.0s/18.0s

running (18.0s), 3/5 VUs, 180 complete and 0 interrupted iterations
default   [ 100% ] 3/5 VUs  18.0s/18.0s

running (19.0s), 1/5 VUs, 182 complete and 0 interrupted iterations
default ↓ [ 100% ] 3/5 VUs  18s


  █ THRESHOLDS 

    hls_playlist_failures
    ✓ 'count>=0' count=0

    hls_segment_failures
    ✓ 'count>=0' count=0

    hls_session_failures
    ✓ 'rate>=0' rate=0.00%


  █ TOTAL RESULTS 

    checks_total.......: 549     28.896294/s
    checks_succeeded...: 100.00% 549 out of 549
    checks_failed......: 0.00%   0 out of 549

    ✓ master playlist is 200
    ✓ media playlist is 200
    ✓ segment is 200

    CUSTOM
    hls_playlist_failures..........: 0      0/s
    hls_playlist_requests..........: 366    19.264196/s
    hls_segment_duration...........: avg=63.04ms min=721.7µs  med=1.34ms   max=503.41ms p(90)=501.02ms p(95)=502.18ms p(99)=503.3ms 
    hls_segment_failures...........: 0      0/s
    hls_segment_requests...........: 183    9.632098/s
    hls_session_failures...........: 0.00%  0 out of 183
    selected_edge_node.............: 549    28.896294/s

    HTTP
    http_req_duration..............: avg=41.26ms min=143.28µs med=782.74µs max=503.41ms p(90)=160.8ms  p(95)=173.7ms  p(99)=502.91ms
      { expected_response:true }...: avg=41.26ms min=143.28µs med=782.74µs max=503.41ms p(90)=160.8ms  p(95)=173.7ms  p(99)=502.91ms
    http_req_failed................: 0.00%  0 out of 579
    http_reqs......................: 579    30.475326/s

    EXECUTION
    iteration_duration.............: avg=333.5ms min=201.87ms med=204.7ms  max=1.21s    p(90)=1.04s    p(95)=1.17s    p(99)=1.18s   
    iterations.....................: 183    9.632098/s
    vus............................: 1      min=1        max=5
    vus_max........................: 5      min=5        max=5

    NETWORK
    data_received..................: 210 MB 11 MB/s
    data_sent......................: 118 kB 6.2 kB/s




running (19.0s), 0/5 VUs, 183 complete and 0 interrupted iterations
default ✓ [ 100% ] 0/5 VUs  18s