time="2026-08-29T02:58:44Z" level=warning msg="There were unknown fields in the options exported in the script" error="json: unknown field \"gracefulStop\""

         /\      Grafana   /‾‾/  
    /\  /  \     |\  __   /  /   
   /  \/    \    | |/ /  /   ‾‾\ 
  /          \   |   (  |  (‾)  |
 / __________ \  |_|\_\  \_____/ 


     execution: local
        script: /scripts/hls.js
        output: json (/results/k6-metrics.jsonl)

     scenarios: (100.00%) 1 scenario, 5 max VUs, 48s max duration (incl. graceful stop):
              * default: Up to 5 looping VUs for 18s over 5 stages (gracefulRampDown: 30s, gracefulStop: 30s)


running (01.0s), 1/5 VUs, 4 complete and 0 interrupted iterations
default   [   6% ] 1/5 VUs  01.0s/18.0s

running (02.0s), 1/5 VUs, 9 complete and 0 interrupted iterations
default   [  11% ] 1/5 VUs  02.0s/18.0s

running (03.0s), 2/5 VUs, 18 complete and 0 interrupted iterations
default   [  17% ] 2/5 VUs  03.0s/18.0s

running (04.0s), 2/5 VUs, 28 complete and 0 interrupted iterations
default   [  22% ] 2/5 VUs  04.0s/18.0s

running (05.0s), 2/5 VUs, 38 complete and 0 interrupted iterations
default   [  28% ] 2/5 VUs  05.0s/18.0s

running (06.0s), 2/5 VUs, 47 complete and 0 interrupted iterations
default   [  33% ] 2/5 VUs  06.0s/18.0s

running (07.0s), 2/5 VUs, 57 complete and 0 interrupted iterations
default   [  39% ] 2/5 VUs  07.0s/18.0s

running (08.0s), 2/5 VUs, 67 complete and 0 interrupted iterations
default   [  44% ] 2/5 VUs  08.0s/18.0s

running (09.0s), 3/5 VUs, 78 complete and 0 interrupted iterations
default   [  50% ] 3/5 VUs  09.0s/18.0s

running (10.0s), 4/5 VUs, 95 complete and 0 interrupted iterations
default   [  56% ] 4/5 VUs  10.0s/18.0s

running (11.0s), 5/5 VUs, 119 complete and 0 interrupted iterations
default   [  61% ] 5/5 VUs  11.0s/18.0s

running (12.0s), 5/5 VUs, 144 complete and 0 interrupted iterations
default   [  67% ] 5/5 VUs  12.0s/18.0s

running (13.0s), 5/5 VUs, 166 complete and 0 interrupted iterations
default   [  72% ] 5/5 VUs  13.0s/18.0s

running (14.0s), 5/5 VUs, 191 complete and 0 interrupted iterations
default   [  78% ] 5/5 VUs  14.0s/18.0s

running (15.0s), 5/5 VUs, 216 complete and 0 interrupted iterations
default   [  83% ] 5/5 VUs  15.0s/18.0s

running (16.0s), 5/5 VUs, 241 complete and 0 interrupted iterations
default   [  89% ] 5/5 VUs  16.0s/18.0s

running (17.0s), 4/5 VUs, 264 complete and 0 interrupted iterations
default   [  94% ] 4/5 VUs  17.0s/18.0s

running (18.0s), 3/5 VUs, 281 complete and 0 interrupted iterations
default   [ 100% ] 3/5 VUs  18.0s/18.0s


  █ THRESHOLDS 

    hls_playlist_failures
    ✓ 'count>=0' count=241

    hls_segment_failures
    ✓ 'count>=0' count=0

    hls_session_failures
    ✓ 'rate>=0' rate=84.85%


  █ TOTAL RESULTS 

    checks_total.......: 370    20.343348/s
    checks_succeeded...: 34.86% 129 out of 370
    checks_failed......: 65.13% 241 out of 370

    ✗ master playlist is 200
      ↳  15% — ✓ 43 / ✗ 241
    ✓ media playlist is 200
    ✓ segment is 200

    CUSTOM
    hls_playlist_failures..........: 241    13.250667/s
    hls_playlist_requests..........: 327    17.979121/s
    hls_segment_duration...........: avg=1.82ms   min=792.21µs med=1.37ms   max=7.27ms   p(90)=3.59ms   p(95)=4.22ms   p(99)=6.68ms  
    hls_segment_failures...........: 0      0/s
    hls_segment_requests...........: 43     2.364227/s
    hls_session_failures...........: 84.85% 241 out of 284
    selected_edge_node.............: 370    20.343348/s

    HTTP
    http_req_duration..............: avg=3.28ms   min=201.43µs med=2.6ms    max=33.19ms  p(90)=7.23ms   p(95)=8.05ms   p(99)=11.21ms 
      { expected_response:true }...: avg=1.05ms   min=201.43µs med=449.68µs max=7.27ms   p(90)=2.68ms   p(95)=3.74ms   p(99)=5.86ms  
    http_req_failed................: 64.61% 241 out of 373
    http_reqs......................: 373    20.508294/s

    EXECUTION
    iteration_duration.............: avg=206.25ms min=202.17ms med=204.5ms  max=233.87ms p(90)=210.42ms p(95)=214.15ms p(99)=226.61ms
    iterations.....................: 284    15.614894/s
    vus............................: 3      min=1          max=5
    vus_max........................: 5      min=5          max=5

    NETWORK
    data_received..................: 49 MB  2.7 MB/s
    data_sent......................: 67 kB  3.7 kB/s




running (18.2s), 0/5 VUs, 284 complete and 0 interrupted iterations
default ✓ [ 100% ] 0/5 VUs  18s