time="2026-08-29T02:58:20Z" level=warning msg="There were unknown fields in the options exported in the script" error="json: unknown field \"gracefulStop\""

         /\      Grafana   /‾‾/  
    /\  /  \     |\  __   /  /   
   /  \/    \    | |/ /  /   ‾‾\ 
  /          \   |   (  |  (‾)  |
 / __________ \  |_|\_\  \_____/ 


     execution: local
        script: /scripts/hls.js
        output: json (/results/k6-metrics.jsonl)

     scenarios: (100.00%) 1 scenario, 5 max VUs, 48s max duration (incl. graceful stop):
              * default: Up to 5 looping VUs for 18s over 5 stages (gracefulRampDown: 30s, gracefulStop: 30s)


running (01.0s), 1/5 VUs, 4 complete and 0 interrupted iterations
default   [   6% ] 1/5 VUs  01.0s/18.0s

running (02.0s), 1/5 VUs, 9 complete and 0 interrupted iterations
default   [  11% ] 1/5 VUs  02.0s/18.0s

running (03.0s), 2/5 VUs, 18 complete and 0 interrupted iterations
default   [  17% ] 2/5 VUs  03.0s/18.0s

running (04.0s), 2/5 VUs, 28 complete and 0 interrupted iterations
default   [  22% ] 2/5 VUs  04.0s/18.0s

running (05.0s), 2/5 VUs, 38 complete and 0 interrupted iterations
default   [  28% ] 2/5 VUs  05.0s/18.0s

running (06.0s), 2/5 VUs, 47 complete and 0 interrupted iterations
default   [  33% ] 2/5 VUs  06.0s/18.0s

running (07.0s), 2/5 VUs, 57 complete and 0 interrupted iterations
default   [  39% ] 2/5 VUs  07.0s/18.0s

running (08.0s), 2/5 VUs, 67 complete and 0 interrupted iterations
default   [  44% ] 2/5 VUs  08.0s/18.0s

running (09.0s), 3/5 VUs, 78 complete and 0 interrupted iterations
default   [  50% ] 3/5 VUs  09.0s/18.0s

running (10.0s), 4/5 VUs, 95 complete and 0 interrupted iterations
default   [  56% ] 4/5 VUs  10.0s/18.0s

running (11.0s), 5/5 VUs, 119 complete and 0 interrupted iterations
default   [  61% ] 5/5 VUs  11.0s/18.0s

running (12.0s), 5/5 VUs, 144 complete and 0 interrupted iterations
default   [  67% ] 5/5 VUs  12.0s/18.0s

running (13.0s), 5/5 VUs, 166 complete and 0 interrupted iterations
default   [  72% ] 5/5 VUs  13.0s/18.0s

running (14.0s), 5/5 VUs, 191 complete and 0 interrupted iterations
default   [  78% ] 5/5 VUs  14.0s/18.0s

running (15.0s), 5/5 VUs, 216 complete and 0 interrupted iterations
default   [  83% ] 5/5 VUs  15.0s/18.0s

running (16.0s), 5/5 VUs, 241 complete and 0 interrupted iterations
default   [  89% ] 5/5 VUs  16.0s/18.0s

running (17.0s), 4/5 VUs, 265 complete and 0 interrupted iterations
default   [  94% ] 4/5 VUs  17.0s/18.0s

running (18.0s), 3/5 VUs, 281 complete and 0 interrupted iterations
default   [ 100% ] 3/5 VUs  18.0s/18.0s


  █ THRESHOLDS 

    hls_playlist_failures
    ✓ 'count>=0' count=242

    hls_segment_failures
    ✓ 'count>=0' count=0

    hls_session_failures
    ✓ 'rate>=0' rate=85.21%


  █ TOTAL RESULTS 

    checks_total.......: 368    20.235177/s
    checks_succeeded...: 34.23% 126 out of 368
    checks_failed......: 65.76% 242 out of 368

    ✗ master playlist is 200
      ↳  14% — ✓ 42 / ✗ 242
    ✓ media playlist is 200
    ✓ segment is 200

    CUSTOM
    hls_playlist_failures..........: 242    13.306829/s
    hls_playlist_requests..........: 326    17.925728/s
    hls_segment_duration...........: avg=1.99ms   min=788.62µs med=1.34ms   max=7.28ms   p(90)=4.04ms   p(95)=5.17ms   p(99)=6.77ms  
    hls_segment_failures...........: 0      0/s
    hls_segment_requests...........: 42     2.30945/s
    hls_session_failures...........: 85.21% 242 out of 284
    selected_edge_node.............: 368    20.235177/s

    HTTP
    http_req_duration..............: avg=3.16ms   min=203.18µs med=2.6ms    max=17.69ms  p(90)=6.72ms   p(95)=7.96ms   p(99)=10.91ms 
      { expected_response:true }...: avg=1.09ms   min=203.18µs med=590.52µs max=7.28ms   p(90)=2.75ms   p(95)=3.53ms   p(99)=5.81ms  
    http_req_failed................: 65.22% 242 out of 371
    http_reqs......................: 371    20.400138/s

    EXECUTION
    iteration_duration.............: avg=205.99ms min=202.21ms med=204.43ms max=229.47ms p(90)=210.55ms p(95)=212.92ms p(99)=219.42ms
    iterations.....................: 284    15.616278/s
    vus............................: 3      min=1          max=5
    vus_max........................: 5      min=5          max=5

    NETWORK
    data_received..................: 49 MB  2.7 MB/s
    data_sent......................: 66 kB  3.6 kB/s




running (18.2s), 0/5 VUs, 284 complete and 0 interrupted iterations
default ✓ [ 100% ] 0/5 VUs  18s