time="2026-08-29T03:04:29Z" level=warning msg="There were unknown fields in the options exported in the script" error="json: unknown field \"gracefulStop\""

         /\      Grafana   /‾‾/  
    /\  /  \     |\  __   /  /   
   /  \/    \    | |/ /  /   ‾‾\ 
  /          \   |   (  |  (‾)  |
 / __________ \  |_|\_\  \_____/ 


     execution: local
        script: /scripts/hls.js
        output: json (/results/k6-metrics.jsonl)

     scenarios: (100.00%) 1 scenario, 5 max VUs, 48s max duration (incl. graceful stop):
              * default: Up to 5 looping VUs for 18s over 5 stages (gracefulRampDown: 30s, gracefulStop: 30s)


running (01.0s), 1/5 VUs, 4 complete and 0 interrupted iterations
default   [   6% ] 1/5 VUs  01.0s/18.0s

running (02.0s), 1/5 VUs, 9 complete and 0 interrupted iterations
default   [  11% ] 1/5 VUs  02.0s/18.0s

running (03.0s), 2/5 VUs, 18 complete and 0 interrupted iterations
default   [  17% ] 2/5 VUs  03.0s/18.0s

running (04.0s), 2/5 VUs, 28 complete and 0 interrupted iterations
default   [  22% ] 2/5 VUs  04.0s/18.0s
time="2026-08-29T03:04:34Z" level=warning msg="Request Failed" error="Get \"http://video.edgeroute.test:8080/live/demo/index.m3u8?run=baseline-cold-cache-02-20260829T030428Z\": dial tcp 10.96.10.11:8080: connect: connection refused"
time="2026-08-29T03:04:34Z" level=warning msg="Request Failed" error="Get \"http://video.edgeroute.test:8080/live/demo/index.m3u8?run=baseline-cold-cache-02-20260829T030428Z\": dial tcp 10.96.10.11:8080: connect: connection refused"

running (05.0s), 2/5 VUs, 36 complete and 0 interrupted iterations
default   [  28% ] 2/5 VUs  05.0s/18.0s

running (06.0s), 2/5 VUs, 36 complete and 0 interrupted iterations
default   [  33% ] 2/5 VUs  06.0s/18.0s

running (07.0s), 2/5 VUs, 36 complete and 0 interrupted iterations
default   [  39% ] 2/5 VUs  07.0s/18.0s

running (08.0s), 2/5 VUs, 36 complete and 0 interrupted iterations
default   [  44% ] 2/5 VUs  08.0s/18.0s

running (09.0s), 3/5 VUs, 37 complete and 0 interrupted iterations
default   [  50% ] 3/5 VUs  09.0s/18.0s
time="2026-08-29T03:04:39Z" level=warning msg="Request Failed" error="Get \"http://video.edgeroute.test:8080/live/demo/index.m3u8?run=baseline-cold-cache-02-20260829T030428Z\": request timeout"
time="2026-08-29T03:04:39Z" level=warning msg="Request Failed" error="Get \"http://video.edgeroute.test:8080/live/demo/index.m3u8?run=baseline-cold-cache-02-20260829T030428Z\": request timeout"

running (10.0s), 4/5 VUs, 47 complete and 0 interrupted iterations
default   [  56% ] 4/5 VUs  10.0s/18.0s

running (11.0s), 5/5 VUs, 71 complete and 0 interrupted iterations
default   [  61% ] 5/5 VUs  11.0s/18.0s

running (12.0s), 5/5 VUs, 95 complete and 0 interrupted iterations
default   [  67% ] 5/5 VUs  12.0s/18.0s

running (13.0s), 5/5 VUs, 116 complete and 0 interrupted iterations
default   [  72% ] 5/5 VUs  13.0s/18.0s

running (14.0s), 5/5 VUs, 141 complete and 0 interrupted iterations
default   [  78% ] 5/5 VUs  14.0s/18.0s

running (15.0s), 5/5 VUs, 157 complete and 0 interrupted iterations
default   [  83% ] 5/5 VUs  15.0s/18.0s

running (16.0s), 5/5 VUs, 178 complete and 0 interrupted iterations
default   [  89% ] 5/5 VUs  16.0s/18.0s

running (17.0s), 5/5 VUs, 193 complete and 0 interrupted iterations
default   [  94% ] 5/5 VUs  17.0s/18.0s

running (18.0s), 3/5 VUs, 211 complete and 0 interrupted iterations
default   [ 100% ] 3/5 VUs  18.0s/18.0s


  █ THRESHOLDS 

    hls_playlist_failures
    ✓ 'count>=0' count=4

    hls_segment_failures
    ✓ 'count>=0' count=0

    hls_session_failures
    ✓ 'rate>=0' rate=1.86%


  █ TOTAL RESULTS 

    checks_total.......: 634    34.902319/s
    checks_succeeded...: 99.36% 630 out of 634
    checks_failed......: 0.63%  4 out of 634

    ✗ master playlist is 200
      ↳  98% — ✓ 210 / ✗ 4
    ✓ media playlist is 200
    ✓ segment is 200

    CUSTOM
    hls_playlist_failures..........: 4      0.220204/s
    hls_playlist_requests..........: 424    23.341614/s
    hls_segment_duration...........: avg=21.78ms  min=683.39µs med=1.17ms   max=503.5ms p(90)=3.67ms   p(95)=7.57ms   p(99)=502.39ms
    hls_segment_failures...........: 0      0/s
    hls_segment_requests...........: 210    11.560705/s
    hls_session_failures...........: 1.86%  4 out of 214
    selected_edge_node.............: 634    34.902319/s

    HTTP
    http_req_duration..............: avg=8.46ms   min=0s       med=477.42µs max=503.5ms p(90)=2.77ms   p(95)=5.05ms   p(99)=501.03ms
      { expected_response:true }...: avg=8.52ms   min=167.41µs med=478.66µs max=503.5ms p(90)=2.77ms   p(95)=5.15ms   p(99)=501.07ms
    http_req_failed................: 0.61%  4 out of 647
    http_reqs......................: 647    35.617982/s

    EXECUTION
    iteration_duration.............: avg=274.95ms min=200.77ms med=203.85ms max=5.2s    p(90)=211.88ms p(95)=349.25ms p(99)=884.23ms
    iterations.....................: 214    11.780909/s
    vus............................: 3      min=1        max=5
    vus_max........................: 5      min=5        max=5

    NETWORK
    data_received..................: 243 MB 13 MB/s
    data_sent......................: 132 kB 7.2 kB/s




running (18.2s), 0/5 VUs, 214 complete and 0 interrupted iterations
default ✓ [ 100% ] 0/5 VUs  18s